Archive member included to satisfy reference by file (symbol)

c:/program files (x86)/atollic/truestudio for stm32 9.0.1/armtools/bin/../lib/gcc/arm-atollic-eabi/6.3.1/../../../../arm-atollic-eabi/lib/armv7e-m/fpu\libc_nano.a(lib_a-init.o)
                              startup\startup_stm32f407xx.o (__libc_init_array)
c:/program files (x86)/atollic/truestudio for stm32 9.0.1/armtools/bin/../lib/gcc/arm-atollic-eabi/6.3.1/../../../../arm-atollic-eabi/lib/armv7e-m/fpu\libc_nano.a(lib_a-memcpy-stub.o)
                              Middlewares\Third_Party\FreeRTOS\Source\queue.o (memcpy)
c:/program files (x86)/atollic/truestudio for stm32 9.0.1/armtools/bin/../lib/gcc/arm-atollic-eabi/6.3.1/armv7e-m/fpu\libgcc.a(_aeabi_uldivmod.o)
                              Drivers\STM32F4xx_HAL_Driver\Src\stm32f4xx_hal_rcc.o (__aeabi_uldivmod)
c:/program files (x86)/atollic/truestudio for stm32 9.0.1/armtools/bin/../lib/gcc/arm-atollic-eabi/6.3.1/armv7e-m/fpu\libgcc.a(_udivmoddi4.o)
                              c:/program files (x86)/atollic/truestudio for stm32 9.0.1/armtools/bin/../lib/gcc/arm-atollic-eabi/6.3.1/armv7e-m/fpu\libgcc.a(_aeabi_uldivmod.o) (__udivmoddi4)
c:/program files (x86)/atollic/truestudio for stm32 9.0.1/armtools/bin/../lib/gcc/arm-atollic-eabi/6.3.1/armv7e-m/fpu\libgcc.a(_dvmd_tls.o)
                              c:/program files (x86)/atollic/truestudio for stm32 9.0.1/armtools/bin/../lib/gcc/arm-atollic-eabi/6.3.1/armv7e-m/fpu\libgcc.a(_aeabi_uldivmod.o) (__aeabi_ldiv0)

Allocating common symbols
Common symbol       size              file

defaultTaskHandle   0x4               Core\Src\freertos.o
hdma_usart2_rx      0x60              Core\Src\usart.o
hi2c3               0x54              Core\Src\i2c.o
htim8               0x3c              Core\Src\tim.o
htim4               0x3c              Core\Src\tim.o
uwTick              0x4               Drivers\STM32F4xx_HAL_Driver\Src\stm32f4xx_hal.o
xQueueRegistry      0x40              Middlewares\Third_Party\FreeRTOS\Source\queue.o
pFlash              0x20              Drivers\STM32F4xx_HAL_Driver\Src\stm32f4xx_hal_flash.o
htim3               0x3c              Core\Src\tim.o
hdma_usart2_tx      0x60              Core\Src\usart.o
htim1               0x3c              Core\Src\tim.o
defaultTaskBuffer   0x200             Core\Src\freertos.o
defaultTaskControlBlock
                    0x54              Core\Src\freertos.o
htim2               0x3c              Core\Src\tim.o
huart2              0x40              Core\Src\usart.o

Discarded input sections

 .text          0x00000000        0x0 c:/program files (x86)/atollic/truestudio for stm32 9.0.1/armtools/bin/../lib/gcc/arm-atollic-eabi/6.3.1/armv7e-m/fpu/crti.o
 .data          0x00000000        0x0 c:/program files (x86)/atollic/truestudio for stm32 9.0.1/armtools/bin/../lib/gcc/arm-atollic-eabi/6.3.1/armv7e-m/fpu/crti.o
 .bss           0x00000000        0x0 c:/program files (x86)/atollic/truestudio for stm32 9.0.1/armtools/bin/../lib/gcc/arm-atollic-eabi/6.3.1/armv7e-m/fpu/crti.o
 .data          0x00000000        0x4 c:/program files (x86)/atollic/truestudio for stm32 9.0.1/armtools/bin/../lib/gcc/arm-atollic-eabi/6.3.1/armv7e-m/fpu/crtbegin.o
 .text          0x00000000        0x0 Core\Src\dma.o
 .data          0x00000000        0x0 Core\Src\dma.o
 .bss           0x00000000        0x0 Core\Src\dma.o
 .text          0x00000000        0x0 Core\Src\freertos.o
 .data          0x00000000        0x0 Core\Src\freertos.o
 .bss           0x00000000        0x0 Core\Src\freertos.o
 .text          0x00000000        0x0 Core\Src\gpio.o
 .data          0x00000000        0x0 Core\Src\gpio.o
 .bss           0x00000000        0x0 Core\Src\gpio.o
 .text          0x00000000        0x0 Core\Src\i2c.o
 .data          0x00000000        0x0 Core\Src\i2c.o
 .bss           0x00000000        0x0 Core\Src\i2c.o
 .text.HAL_I2C_MspDeInit
                0x00000000       0x40 Core\Src\i2c.o
 .text          0x00000000        0x0 Core\Src\main.o
 .data          0x00000000        0x0 Core\Src\main.o
 .bss           0x00000000        0x0 Core\Src\main.o
 .text          0x00000000        0x0 Core\Src\stm32f4xx_hal_msp.o
 .data          0x00000000        0x0 Core\Src\stm32f4xx_hal_msp.o
 .bss           0x00000000        0x0 Core\Src\stm32f4xx_hal_msp.o
 .text          0x00000000        0x0 Core\Src\stm32f4xx_it.o
 .data          0x00000000        0x0 Core\Src\stm32f4xx_it.o
 .bss           0x00000000        0x0 Core\Src\stm32f4xx_it.o
 .text          0x00000000        0x0 Core\Src\system_stm32f4xx.o
 .data          0x00000000        0x0 Core\Src\system_stm32f4xx.o
 .bss           0x00000000        0x0 Core\Src\system_stm32f4xx.o
 .text.SystemCoreClockUpdate
                0x00000000       0x74 Core\Src\system_stm32f4xx.o
 .text          0x00000000        0x0 Core\Src\tim.o
 .data          0x00000000        0x0 Core\Src\tim.o
 .bss           0x00000000        0x0 Core\Src\tim.o
 .text.HAL_TIM_Encoder_MspDeInit
[...]
Memory Configuration

Name             Origin             Length             Attributes
RAM              0x20000000         0x00020000         xrw
CCMRAM           0x10000000         0x00010000         rw
FLASH            0x08000000         0x00100000         xr
*default*        0x00000000         0xffffffff

Linker script and memory map

LOAD c:/program files (x86)/atollic/truestudio for stm32 9.0.1/armtools/bin/../lib/gcc/arm-atollic-eabi/6.3.1/armv7e-m/fpu/crti.o
LOAD c:/program files (x86)/atollic/truestudio for stm32 9.0.1/armtools/bin/../lib/gcc/arm-atollic-eabi/6.3.1/armv7e-m/fpu/crtbegin.o
LOAD Core\Src\dma.o
LOAD Core\Src\freertos.o
LOAD Core\Src\gpio.o
LOAD Core\Src\i2c.o
LOAD Core\Src\main.o
LOAD Core\Src\stm32f4xx_hal_msp.o
LOAD Core\Src\stm32f4xx_it.o
LOAD Core\Src\system_stm32f4xx.o
LOAD Core\Src\tim.o
LOAD Core\Src\usart.o
LOAD Drivers\STM32F4xx_HAL_Driver\Src\stm32f4xx_hal.o
LOAD Drivers\STM32F4xx_HAL_Driver\Src\stm32f4xx_hal_cortex.o
LOAD Drivers\STM32F4xx_HAL_Driver\Src\stm32f4xx_hal_dma.o
LOAD Drivers\STM32F4xx_HAL_Driver\Src\stm32f4xx_hal_dma_ex.o
LOAD Drivers\STM32F4xx_HAL_Driver\Src\stm32f4xx_hal_flash.o
LOAD Drivers\STM32F4xx_HAL_Driver\Src\stm32f4xx_hal_flash_ex.o
LOAD Drivers\STM32F4xx_HAL_Driver\Src\stm32f4xx_hal_flash_ramfunc.o
LOAD Drivers\STM32F4xx_HAL_Driver\Src\stm32f4xx_hal_gpio.o
LOAD Drivers\STM32F4xx_HAL_Driver\Src\stm32f4xx_hal_i2c.o
LOAD Drivers\STM32F4xx_HAL_Driver\Src\stm32f4xx_hal_i2c_ex.o
LOAD Drivers\STM32F4xx_HAL_Driver\Src\stm32f4xx_hal_pwr.o
LOAD Drivers\STM32F4xx_HAL_Driver\Src\stm32f4xx_hal_pwr_ex.o
LOAD Drivers\STM32F4xx_HAL_Driver\Src\stm32f4xx_hal_rcc.o
LOAD Drivers\STM32F4xx_HAL_Driver\Src\stm32f4xx_hal_rcc_ex.o
LOAD Drivers\STM32F4xx_HAL_Driver\Src\stm32f4xx_hal_tim.o
LOAD Drivers\STM32F4xx_HAL_Driver\Src\stm32f4xx_hal_tim_ex.o
LOAD Drivers\STM32F4xx_HAL_Driver\Src\stm32f4xx_hal_uart.o
LOAD Middlewares\Third_Party\FreeRTOS\Source\CMSIS_RTOS\cmsis_os.o
LOAD Middlewares\Third_Party\FreeRTOS\Source\croutine.o
LOAD Middlewares\Third_Party\FreeRTOS\Source\event_groups.o
LOAD Middlewares\Third_Party\FreeRTOS\Source\list.o
LOAD Middlewares\Third_Party\FreeRTOS\Source\portable\GCC\ARM_CM4F\port.o
LOAD Middlewares\Third_Party\FreeRTOS\Source\queue.o
LOAD Middlewares\Third_Party\FreeRTOS\Source\tasks.o
LOAD Middlewares\Third_Party\FreeRTOS\Source\timers.o
LOAD startup\startup_stm32f407xx.o
                0x00000080                malloc_getpagesize_P = 0x80
START GROUP
LOAD c:/program files (x86)/atollic/truestudio for stm32 9.0.1/armtools/bin/../lib/gcc/arm-atollic-eabi/6.3.1/../../../../arm-atollic-eabi/lib/armv7e-m/fpu\libc_nano.a
LOAD c:/program files (x86)/atollic/truestudio for stm32 9.0.1/armtools/bin/../lib/gcc/arm-atollic-eabi/6.3.1/../../../../arm-atollic-eabi/lib/armv7e-m/fpu\libm.a
END GROUP
START GROUP
LOAD c:/program files (x86)/atollic/truestudio for stm32 9.0.1/armtools/bin/../lib/gcc/arm-atollic-eabi/6.3.1/armv7e-m/fpu\libgcc.a
LOAD c:/program files (x86)/atollic/truestudio for stm32 9.0.1/armtools/bin/../lib/gcc/arm-atollic-eabi/6.3.1/../../../../arm-atollic-eabi/lib/armv7e-m/fpu\libc_nano.a
END GROUP
START GROUP
LOAD c:/program files (x86)/atollic/truestudio for stm32 9.0.1/armtools/bin/../lib/gcc/arm-atollic-eabi/6.3.1/armv7e-m/fpu\libgcc.a
LOAD c:/program files (x86)/atollic/truestudio for stm32 9.0.1/armtools/bin/../lib/gcc/arm-atollic-eabi/6.3.1/../../../../arm-atollic-eabi/lib/armv7e-m/fpu\libc_nano.a
LOAD c:/program files (x86)/atollic/truestudio for stm32 9.0.1/armtools/bin/../lib/gcc/arm-atollic-eabi/6.3.1/../../../../arm-atollic-eabi/lib/armv7e-m/fpu\libnosys.a
END GROUP
START GROUP
LOAD c:/program files (x86)/atollic/truestudio for stm32 9.0.1/armtools/bin/../lib/gcc/arm-atollic-eabi/6.3.1/armv7e-m/fpu\libgcc.a
LOAD c:/program files (x86)/atollic/truestudio for stm32 9.0.1/armtools/bin/../lib/gcc/arm-atollic-eabi/6.3.1/../../../../arm-atollic-eabi/lib/armv7e-m/fpu\libc_nano.a
LOAD c:/program files (x86)/atollic/truestudio for stm32 9.0.1/armtools/bin/../lib/gcc/arm-atollic-eabi/6.3.1/../../../../arm-atollic-eabi/lib/armv7e-m/fpu\libnosys.a
END GROUP
LOAD c:/program files (x86)/atollic/truestudio for stm32 9.0.1/armtools/bin/../lib/gcc/arm-atollic-eabi/6.3.1/armv7e-m/fpu/crtend.o
LOAD c:/program files (x86)/atollic/truestudio for stm32 9.0.1/armtools/bin/../lib/gcc/arm-atollic-eabi/6.3.1/armv7e-m/fpu/crtn.o
                0x20020000                _estack = 0x20020000
                0x00000200                _Min_Heap_Size = 0x200
                0x00000400                _Min_Stack_Size = 0x400

.isr_vector     0x08000000      0x188
                0x08000000                . = ALIGN (0x4)
 *(.isr_vector)
 .isr_vector    0x08000000      0x188 startup\startup_stm32f407xx.o
                0x08000000                g_pfnVectors
                0x08000188                . = ALIGN (0x4)

.text           0x08000190     0x322c
                0x08000190                . = ALIGN (0x4)
 *(.text)
 .text          0x08000190       0x40 c:/program files (x86)/atollic/truestudio for stm32 9.0.1/armtools/bin/../lib/gcc/arm-atollic-eabi/6.3.1/armv7e-m/fpu/crtbegin.o
 .text          0x080001d0       0x30 c:/program files (x86)/atollic/truestudio for stm32 9.0.1/armtools/bin/../lib/gcc/arm-atollic-eabi/6.3.1/armv7e-m/fpu\libgcc.a(_aeabi_uldivmod.o)
                0x080001d0                __aeabi_uldivmod
 .text          0x08000200      0x2dc c:/program files (x86)/atollic/truestudio for stm32 9.0.1/armtools/bin/../lib/gcc/arm-atollic-eabi/6.3.1/armv7e-m/fpu\libgcc.a(_udivmoddi4.o)
                0x08000200                __udivmoddi4
 .text          0x080004dc        0x4 c:/program files (x86)/atollic/truestudio for stm32 9.0.1/armtools/bin/../lib/gcc/arm-atollic-eabi/6.3.1/armv7e-m/fpu\libgcc.a(_dvmd_tls.o)
                0x080004dc                __aeabi_idiv0
                0x080004dc                __aeabi_ldiv0
 *(.text*)
 .text.MX_DMA_Init
                0x080004e0       0x44 Core\Src\dma.o
                0x080004e0                MX_DMA_Init
 .text.StartDefaultTask
                0x08000524        0xa Core\Src\freertos.o
                0x08000524                StartDefaultTask
 *fill*         0x0800052e        0x2 
 .text.vApplicationGetIdleTaskMemory
                0x08000530       0x18 Core\Src\freertos.o
                0x08000530                vApplicationGetIdleTaskMemory
 .text.MX_FREERTOS_Init
                0x08000548       0x2c Core\Src\freertos.o
                0x08000548                MX_FREERTOS_Init
 .text.MX_GPIO_Init
                0x08000574       0x74 Core\Src\gpio.o
                0x08000574                MX_GPIO_Init
 .text.MX_I2C3_Init
                0x080005e8       0x48 Core\Src\i2c.o
                0x080005e8                MX_I2C3_Init
 .text.HAL_I2C_MspInit
                0x08000630       0x70 Core\Src\i2c.o
                0x08000630                HAL_I2C_MspInit
 .text.SystemClock_Config
                0x080006a0       0xb0 Core\Src\main.o
                0x080006a0                SystemClock_Config
 .text.startup.main
                0x08000750       0x38 Core\Src\main.o
                0x08000750                main
 .text._Error_Handler
                0x08000788        0x2 Core\Src\main.o
                0x08000788                _Error_Handler
 .text.assert_failed
                0x0800078a        0x2 Core\Src\main.o
                0x0800078a                assert_failed
 .text.HAL_MspInit
                0x0800078c       0x60 Core\Src\stm32f4xx_hal_msp.o
                0x0800078c                HAL_MspInit
 .text.NMI_Handler
                0x080007ec        0x2 Core\Src\stm32f4xx_it.o
                0x080007ec                NMI_Handler
 .text.HardFault_Handler
                0x080007ee        0x2 Core\Src\stm32f4xx_it.o
                0x080007ee                HardFault_Handler
 .text.MemManage_Handler
                0x080007f0        0x2 Core\Src\stm32f4xx_it.o
                0x080007f0                MemManage_Handler
 .text.BusFault_Handler
                0x080007f2        0x2 Core\Src\stm32f4xx_it.o
                0x080007f2                BusFault_Handler
 .text.UsageFault_Handler
                0x080007f4        0x2 Core\Src\stm32f4xx_it.o
                0x080007f4                UsageFault_Handler
 .text.DebugMon_Handler
                0x080007f6        0x2 Core\Src\stm32f4xx_it.o
                0x080007f6                DebugMon_Handler
 .text.SysTick_Handler
                0x080007f8        0xe Core\Src\stm32f4xx_it.o
                0x080007f8                SysTick_Handler
 *fill*         0x08000806        0x2 
 .text.DMA1_Stream5_IRQHandler
                0x08000808        0xc Core\Src\stm32f4xx_it.o
                0x08000808                DMA1_Stream5_IRQHandler
 .text.DMA1_Stream6_IRQHandler
                0x08000814        0xc Core\Src\stm32f4xx_it.o
                0x08000814                DMA1_Stream6_IRQHandler
 .text.SystemInit
                0x08000820       0x4c Core\Src\system_stm32f4xx.o
                0x08000820                SystemInit
 .text.MX_TIM1_Init
                0x0800086c       0x68 Core\Src\tim.o
                0x0800086c                MX_TIM1_Init
 .text.MX_TIM2_Init
                0x080008d4       0x64 Core\Src\tim.o
                0x080008d4                MX_TIM2_Init
 .text.MX_TIM3_Init
                0x08000938       0x64 Core\Src\tim.o
                0x08000938                MX_TIM3_Init
 .text.MX_TIM8_Init
                0x0800099c       0x68 Core\Src\tim.o
                0x0800099c                MX_TIM8_Init
 .text.HAL_TIM_Encoder_MspInit
                0x08000a04       0xfc Core\Src\tim.o
                0x08000a04                HAL_TIM_Encoder_MspInit
 .text.HAL_TIM_PWM_MspInit
                0x08000b00       0x30 Core\Src\tim.o
                0x08000b00                HAL_TIM_PWM_MspInit
 .text.HAL_TIM_MspPostInit
                0x08000b30       0x34 Core\Src\tim.o
                0x08000b30                HAL_TIM_MspPostInit
 .text.MX_TIM4_Init
                0x08000b64       0xb4 Core\Src\tim.o
                0x08000b64                MX_TIM4_Init
 .text.MX_USART2_UART_Init
                0x08000c18       0x40 Core\Src\usart.o
                0x08000c18                MX_USART2_UART_Init
 .text.HAL_UART_MspInit
                0x08000c58       0xd8 Core\Src\usart.o
                0x08000c58                HAL_UART_MspInit
 .text.HAL_InitTick
                0x08000d30       0x48 Drivers\STM32F4xx_HAL_Driver\Src\stm32f4xx_hal.o
                0x08000d30                HAL_InitTick
 .text.HAL_Init
                0x08000d78       0x34 Drivers\STM32F4xx_HAL_Driver\Src\stm32f4xx_hal.o
                0x08000d78                HAL_Init
 .text.HAL_IncTick
                0x08000dac       0x18 Drivers\STM32F4xx_HAL_Driver\Src\stm32f4xx_hal.o
                0x08000dac                HAL_IncTick
 .text.HAL_GetTick
                0x08000dc4        0xc Drivers\STM32F4xx_HAL_Driver\Src\stm32f4xx_hal.o
                0x08000dc4                HAL_GetTick
 .text.HAL_NVIC_SetPriorityGrouping
                0x08000dd0       0x3c Drivers\STM32F4xx_HAL_Driver\Src\stm32f4xx_hal_cortex.o
                0x08000dd0                HAL_NVIC_SetPriorityGrouping
 .text.HAL_NVIC_SetPriority
                0x08000e0c       0x84 Drivers\STM32F4xx_HAL_Driver\Src\stm32f4xx_hal_cortex.o
                0x08000e0c                HAL_NVIC_SetPriority
 .text.HAL_NVIC_EnableIRQ
                0x08000e90       0x2c Drivers\STM32F4xx_HAL_Driver\Src\stm32f4xx_hal_cortex.o
                0x08000e90                HAL_NVIC_EnableIRQ
 .text.HAL_SYSTICK_Config
                0x08000ebc       0x2c Drivers\STM32F4xx_HAL_Driver\Src\stm32f4xx_hal_cortex.o
                0x08000ebc                HAL_SYSTICK_Config
 .text.HAL_SYSTICK_CLKSourceConfig
                0x08000ee8       0x30 Drivers\STM32F4xx_HAL_Driver\Src\stm32f4xx_hal_cortex.o
                0x08000ee8                HAL_SYSTICK_CLKSourceConfig
 .text.DMA_CalcBaseAndBitshift
                0x08000f18       0x2c Drivers\STM32F4xx_HAL_Driver\Src\stm32f4xx_hal_dma.o
 .text.HAL_DMA_Init
                0x08000f44      0x250 Drivers\STM32F4xx_HAL_Driver\Src\stm32f4xx_hal_dma.o
                0x08000f44                HAL_DMA_Init
 .text.HAL_DMA_IRQHandler
                0x08001194      0x174 Drivers\STM32F4xx_HAL_Driver\Src\stm32f4xx_hal_dma.o
                0x08001194                HAL_DMA_IRQHandler
 .text.HAL_GPIO_Init
                0x08001308      0x28c Drivers\STM32F4xx_HAL_Driver\Src\stm32f4xx_hal_gpio.o
                0x08001308                HAL_GPIO_Init
 .text.HAL_I2C_Init
                0x08001594      0x1a4 Drivers\STM32F4xx_HAL_Driver\Src\stm32f4xx_hal_i2c.o
                0x08001594                HAL_I2C_Init
 .text.HAL_RCC_OscConfig
                0x08001738      0x3f0 Drivers\STM32F4xx_HAL_Driver\Src\stm32f4xx_hal_rcc.o
                0x08001738                HAL_RCC_OscConfig
 .text.HAL_RCC_GetSysClockFreq
                0x08001b28       0x5c Drivers\STM32F4xx_HAL_Driver\Src\stm32f4xx_hal_rcc.o
                0x08001b28                HAL_RCC_GetSysClockFreq
 .text.HAL_RCC_ClockConfig
                0x08001b84      0x1e8 Drivers\STM32F4xx_HAL_Driver\Src\stm32f4xx_hal_rcc.o
                0x08001b84                HAL_RCC_ClockConfig
 .text.HAL_RCC_GetHCLKFreq
                0x08001d6c        0xc Drivers\STM32F4xx_HAL_Driver\Src\stm32f4xx_hal_rcc.o
                0x08001d6c                HAL_RCC_GetHCLKFreq
 .text.HAL_RCC_GetPCLK1Freq
                0x08001d78       0x20 Drivers\STM32F4xx_HAL_Driver\Src\stm32f4xx_hal_rcc.o
                0x08001d78                HAL_RCC_GetPCLK1Freq
 .text.HAL_RCC_GetPCLK2Freq
                0x08001d98       0x20 Drivers\STM32F4xx_HAL_Driver\Src\stm32f4xx_hal_rcc.o
                0x08001d98                HAL_RCC_GetPCLK2Freq
 .text.TIM_OC1_SetConfig
                0x08001db8       0x58 Drivers\STM32F4xx_HAL_Driver\Src\stm32f4xx_hal_tim.o
 .text.TIM_OC3_SetConfig
                0x08001e10       0xa4 Drivers\STM32F4xx_HAL_Driver\Src\stm32f4xx_hal_tim.o
 .text.TIM_OC4_SetConfig
                0x08001eb4       0x70 Drivers\STM32F4xx_HAL_Driver\Src\stm32f4xx_hal_tim.o
 .text.TIM_Base_SetConfig
                0x08001f24       0xc8 Drivers\STM32F4xx_HAL_Driver\Src\stm32f4xx_hal_tim.o
                0x08001f24                TIM_Base_SetConfig
 .text.HAL_TIM_PWM_Init
                0x08001fec       0xf0 Drivers\STM32F4xx_HAL_Driver\Src\stm32f4xx_hal_tim.o
                0x08001fec                HAL_TIM_PWM_Init
 .text.HAL_TIM_Encoder_Init
                0x080020dc      0x18c Drivers\STM32F4xx_HAL_Driver\Src\stm32f4xx_hal_tim.o
                0x080020dc                HAL_TIM_Encoder_Init
 .text.TIM_OC2_SetConfig
                0x08002268       0x80 Drivers\STM32F4xx_HAL_Driver\Src\stm32f4xx_hal_tim.o
                0x08002268                TIM_OC2_SetConfig
 .text.HAL_TIM_PWM_ConfigChannel
                0x080022e8      0x250 Drivers\STM32F4xx_HAL_Driver\Src\stm32f4xx_hal_tim.o
                0x080022e8                HAL_TIM_PWM_ConfigChannel
 .text.HAL_TIMEx_MasterConfigSynchronization
                0x08002538       0xc0 Drivers\STM32F4xx_HAL_Driver\Src\stm32f4xx_hal_tim_ex.o
                0x08002538                HAL_TIMEx_MasterConfigSynchronization
 .text.UART_SetConfig
                0x080025f8      0x28c Drivers\STM32F4xx_HAL_Driver\Src\stm32f4xx_hal_uart.o
 .text.HAL_UART_Init
                0x08002884      0x104 Drivers\STM32F4xx_HAL_Driver\Src\stm32f4xx_hal_uart.o
                0x08002884                HAL_UART_Init
 .text.osKernelStart
                0x08002988        0xa Middlewares\Third_Party\FreeRTOS\Source\CMSIS_RTOS\cmsis_os.o
                0x08002988                osKernelStart
 .text.osThreadCreate
                0x08002992       0x2a Middlewares\Third_Party\FreeRTOS\Source\CMSIS_RTOS\cmsis_os.o
                0x08002992                osThreadCreate
 .text.osDelay  0x080029bc       0x10 Middlewares\Third_Party\FreeRTOS\Source\CMSIS_RTOS\cmsis_os.o
                0x080029bc                osDelay
 .text.osSystickHandler
                0x080029cc       0x14 Middlewares\Third_Party\FreeRTOS\Source\CMSIS_RTOS\cmsis_os.o
                0x080029cc                osSystickHandler
 .text.vListInitialise
                0x080029e0       0x16 Middlewares\Third_Party\FreeRTOS\Source\list.o
                0x080029e0                vListInitialise
 .text.vListInitialiseItem
                0x080029f6        0x6 Middlewares\Third_Party\FreeRTOS\Source\list.o
                0x080029f6                vListInitialiseItem
 .text.vListInsertEnd
                0x080029fc       0x18 Middlewares\Third_Party\FreeRTOS\Source\list.o
                0x080029fc                vListInsertEnd
 .text.vListInsert
                0x08002a14       0x2e Middlewares\Third_Party\FreeRTOS\Source\list.o
                0x08002a14                vListInsert
 .text.uxListRemove
                0x08002a42       0x20 Middlewares\Third_Party\FreeRTOS\Source\list.o
                0x08002a42                uxListRemove
 *fill*         0x08002a62        0x2 
 .text.prvTaskExitError
                0x08002a64       0x30 Middlewares\Third_Party\FreeRTOS\Source\portable\GCC\ARM_CM4F\port.o
 .text.prvPortStartFirstTask
                0x08002a94       0x20 Middlewares\Third_Party\FreeRTOS\Source\portable\GCC\ARM_CM4F\port.o
 .text.vPortEnableVFP
                0x08002ab4       0x14 Middlewares\Third_Party\FreeRTOS\Source\portable\GCC\ARM_CM4F\port.o
 .text.pxPortInitialiseStack
                0x08002ac8       0x2c Middlewares\Third_Party\FreeRTOS\Source\portable\GCC\ARM_CM4F\port.o
                0x08002ac8                pxPortInitialiseStack
 *fill*         0x08002af4        0xc 
 .text.SVC_Handler
                0x08002b00       0x24 Middlewares\Third_Party\FreeRTOS\Source\portable\GCC\ARM_CM4F\port.o
                0x08002b00                SVC_Handler
 .text.vPortEnterCritical
                0x08002b24       0x44 Middlewares\Third_Party\FreeRTOS\Source\portable\GCC\ARM_CM4F\port.o
                0x08002b24                vPortEnterCritical
 .text.vPortExitCritical
                0x08002b68       0x28 Middlewares\Third_Party\FreeRTOS\Source\portable\GCC\ARM_CM4F\port.o
                0x08002b68                vPortExitCritical
 .text.PendSV_Handler
                0x08002b90       0x64 Middlewares\Third_Party\FreeRTOS\Source\portable\GCC\ARM_CM4F\port.o
                0x08002b90                PendSV_Handler
 .text.xPortSysTickHandler
                0x08002bf4       0x2c Middlewares\Third_Party\FreeRTOS\Source\portable\GCC\ARM_CM4F\port.o
                0x08002bf4                xPortSysTickHandler
 .text.vPortSetupTimerInterrupt
                0x08002c20       0x28 Middlewares\Third_Party\FreeRTOS\Source\portable\GCC\ARM_CM4F\port.o
                0x08002c20                vPortSetupTimerInterrupt
 .text.xPortStartScheduler
                0x08002c48       0xec Middlewares\Third_Party\FreeRTOS\Source\portable\GCC\ARM_CM4F\port.o
                0x08002c48                xPortStartScheduler
 .text.prvIdleTask
                0x08002d34       0x24 Middlewares\Third_Party\FreeRTOS\Source\tasks.o
 .text.prvResetNextTaskUnblockTime
                0x08002d58       0x24 Middlewares\Third_Party\FreeRTOS\Source\tasks.o
 .text.prvAddCurrentTaskToDelayedList
                0x08002d7c       0x8c Middlewares\Third_Party\FreeRTOS\Source\tasks.o
 .text.vTaskSetTimeOutState.part.6
                0x08002e08       0x12 Middlewares\Third_Party\FreeRTOS\Source\tasks.o
 *fill*         0x08002e1a        0x2 
 .text.xTaskCreateStatic
                0x08002e1c      0x180 Middlewares\Third_Party\FreeRTOS\Source\tasks.o
                0x08002e1c                xTaskCreateStatic
 .text.vTaskStartScheduler
                0x08002f9c       0x6c Middlewares\Third_Party\FreeRTOS\Source\tasks.o
                0x08002f9c                vTaskStartScheduler
 .text.vTaskSuspendAll
                0x08003008       0x10 Middlewares\Third_Party\FreeRTOS\Source\tasks.o
                0x08003008                vTaskSuspendAll
 .text.xTaskIncrementTick
                0x08003018      0x124 Middlewares\Third_Party\FreeRTOS\Source\tasks.o
                0x08003018                xTaskIncrementTick
 .text.xTaskResumeAll
                0x0800313c       0xf0 Middlewares\Third_Party\FreeRTOS\Source\tasks.o
                0x0800313c                xTaskResumeAll
 .text.vTaskDelay
                0x0800322c       0x48 Middlewares\Third_Party\FreeRTOS\Source\tasks.o
                0x0800322c                vTaskDelay
 .text.vTaskSwitchContext
                0x08003274       0x74 Middlewares\Third_Party\FreeRTOS\Source\tasks.o
                0x08003274                vTaskSwitchContext
 .text.xTaskGetSchedulerState
                0x080032e8       0x20 Middlewares\Third_Party\FreeRTOS\Source\tasks.o
                0x080032e8                xTaskGetSchedulerState
 .text.Reset_Handler
                0x08003308       0x50 startup\startup_stm32f407xx.o
                0x08003308                Reset_Handler
 .text.Default_Handler
                0x08003358        0x2 startup\startup_stm32f407xx.o
                0x08003358                RTC_Alarm_IRQHandler
                0x08003358                HASH_RNG_IRQHandler
                0x08003358                EXTI2_IRQHandler
                0x08003358                TIM8_CC_IRQHandler
                0x08003358                TIM1_CC_IRQHandler
                0x08003358                DMA2_Stream5_IRQHandler
                0x08003358                PVD_IRQHandler
                0x08003358                SDIO_IRQHandler
                0x08003358                TAMP_STAMP_IRQHandler
                0x08003358                CAN2_RX1_IRQHandler
                0x08003358                EXTI3_IRQHandler
                0x08003358                TIM8_TRG_COM_TIM14_IRQHandler
                0x08003358                TIM1_UP_TIM10_IRQHandler
                0x08003358                TIM8_UP_TIM13_IRQHandler
                0x08003358                I2C3_ER_IRQHandler
                0x08003358                EXTI0_IRQHandler
                0x08003358                I2C2_EV_IRQHandler
                0x08003358                DMA1_Stream2_IRQHandler
                0x08003358                CAN1_RX0_IRQHandler
                0x08003358                FPU_IRQHandler
                0x08003358                OTG_HS_WKUP_IRQHandler
                0x08003358                CAN2_SCE_IRQHandler
                0x08003358                DMA2_Stream2_IRQHandler
                0x08003358                SPI1_IRQHandler
                0x08003358                TIM6_DAC_IRQHandler
                0x08003358                TIM1_BRK_TIM9_IRQHandler
                0x08003358                DCMI_IRQHandler
                0x08003358                CAN2_RX0_IRQHandler
                0x08003358                DMA2_Stream3_IRQHandler
                0x08003358                USART6_IRQHandler
                0x08003358                USART3_IRQHandler
                0x08003358                CAN1_RX1_IRQHandler
                0x08003358                UART5_IRQHandler
                0x08003358                DMA2_Stream0_IRQHandler
                0x08003358                TIM4_IRQHandler
                0x08003358                I2C1_EV_IRQHandler
                0x08003358                DMA1_Stream1_IRQHandler
                0x08003358                UART4_IRQHandler
                0x08003358                TIM3_IRQHandler
                0x08003358                RCC_IRQHandler
                0x08003358                TIM8_BRK_TIM12_IRQHandler
                0x08003358                Default_Handler
                0x08003358                EXTI15_10_IRQHandler
                0x08003358                ADC_IRQHandler
                0x08003358                DMA1_Stream7_IRQHandler
                0x08003358                TIM7_IRQHandler
                0x08003358                CAN2_TX_IRQHandler
                0x08003358                TIM5_IRQHandler
                0x08003358                DMA2_Stream7_IRQHandler
                0x08003358                I2C3_EV_IRQHandler
                0x08003358                EXTI9_5_IRQHandler
                0x08003358                RTC_WKUP_IRQHandler
                0x08003358                ETH_WKUP_IRQHandler
                0x08003358                SPI2_IRQHandler
                0x08003358                OTG_HS_EP1_IN_IRQHandler
                0x08003358                DMA1_Stream0_IRQHandler
                0x08003358                CAN1_TX_IRQHandler
                0x08003358                EXTI4_IRQHandler
                0x08003358                FSMC_IRQHandler
                0x08003358                ETH_IRQHandler
                0x08003358                OTG_HS_EP1_OUT_IRQHandler
                0x08003358                WWDG_IRQHandler
                0x08003358                TIM2_IRQHandler
                0x08003358                OTG_FS_WKUP_IRQHandler
                0x08003358                TIM1_TRG_COM_TIM11_IRQHandler
                0x08003358                OTG_HS_IRQHandler
                0x08003358                EXTI1_IRQHandler
                0x08003358                USART2_IRQHandler
                0x08003358                I2C2_ER_IRQHandler
                0x08003358                DMA2_Stream1_IRQHandler
                0x08003358                CAN1_SCE_IRQHandler
                0x08003358                FLASH_IRQHandler
                0x08003358                DMA2_Stream4_IRQHandler
                0x08003358                USART1_IRQHandler
                0x08003358                OTG_FS_IRQHandler
                0x08003358                SPI3_IRQHandler
                0x08003358                DMA1_Stream4_IRQHandler
                0x08003358                I2C1_ER_IRQHandler
                0x08003358                DMA2_Stream6_IRQHandler
                0x08003358                DMA1_Stream3_IRQHandler
 *fill*         0x0800335a        0x2 
 .text.__libc_init_array
                0x0800335c       0x48 c:/program files (x86)/atollic/truestudio for stm32 9.0.1/armtools/bin/../lib/gcc/arm-atollic-eabi/6.3.1/../../../../arm-atollic-eabi/lib/armv7e-m/fpu\libc_nano.a(lib_a-init.o)
                0x0800335c                __libc_init_array
 *(.glue_7)
 .glue_7        0x080033a4        0x0 linker stubs
 *(.glue_7t)
 .glue_7t       0x080033a4        0x0 linker stubs
 *(.eh_frame)
 .eh_frame      0x080033a4        0x0 c:/program files (x86)/atollic/truestudio for stm32 9.0.1/armtools/bin/../lib/gcc/arm-atollic-eabi/6.3.1/armv7e-m/fpu/crtbegin.o
 *(.init)
 .init          0x080033a4        0x4 c:/program files (x86)/atollic/truestudio for stm32 9.0.1/armtools/bin/../lib/gcc/arm-atollic-eabi/6.3.1/armv7e-m/fpu/crti.o
                0x080033a4                _init
 .init          0x080033a8        0x8 c:/program files (x86)/atollic/truestudio for stm32 9.0.1/armtools/bin/../lib/gcc/arm-atollic-eabi/6.3.1/armv7e-m/fpu/crtn.o
 *(.fini)
 .fini          0x080033b0        0x4 c:/program files (x86)/atollic/truestudio for stm32 9.0.1/armtools/bin/../lib/gcc/arm-atollic-eabi/6.3.1/armv7e-m/fpu/crti.o
                0x080033b0                _fini
 .fini          0x080033b4        0x8 c:/program files (x86)/atollic/truestudio for stm32 9.0.1/armtools/bin/../lib/gcc/arm-atollic-eabi/6.3.1/armv7e-m/fpu/crtn.o
                0x080033bc                . = ALIGN (0x4)
                0x080033bc                _etext = .

.vfp11_veneer   0x080033bc        0x0
 .vfp11_veneer  0x080033bc        0x0 linker stubs

.v4_bx          0x080033bc        0x0
 .v4_bx         0x080033bc        0x0 linker stubs

.iplt           0x080033bc        0x0
 .iplt          0x080033bc        0x0 c:/program files (x86)/atollic/truestudio for stm32 9.0.1/armtools/bin/../lib/gcc/arm-atollic-eabi/6.3.1/armv7e-m/fpu/crtbegin.o

.rodata         0x080033bc      0x250
                0x080033bc                . = ALIGN (0x4)
 *(.rodata)
 .rodata        0x080033bc       0x1c Core\Src\freertos.o
 *(.rodata*)
 .rodata.str1.1
                0x080033d8        0xc Core\Src\freertos.o
 .rodata.MX_I2C3_Init.str1.1
                0x080033e4       0x12 Core\Src\i2c.o
 .rodata.AHBPrescTable
                0x080033f6       0x10 Core\Src\system_stm32f4xx.o
                0x080033f6                AHBPrescTable
 .rodata.APBPrescTable
                0x08003406        0x8 Core\Src\system_stm32f4xx.o
                0x08003406                APBPrescTable
 .rodata.MX_TIM1_Init.str1.1
                0x0800340e       0x12 Core\Src\tim.o
 .rodata.MX_USART2_UART_Init.str1.1
                0x08003420       0x14 Core\Src\usart.o
 .rodata.HAL_NVIC_SetPriorityGrouping.str1.1
                0x08003434       0x3b Drivers\STM32F4xx_HAL_Driver\Src\stm32f4xx_hal_cortex.o
 .rodata.HAL_DMA_Init.str1.1
                0x0800346f       0x38 Drivers\STM32F4xx_HAL_Driver\Src\stm32f4xx_hal_dma.o
 .rodata.flagBitshiftOffset.9052
                0x080034a7        0x8 Drivers\STM32F4xx_HAL_Driver\Src\stm32f4xx_hal_dma.o
 .rodata.HAL_GPIO_Init.str1.1
                0x080034af       0x39 Drivers\STM32F4xx_HAL_Driver\Src\stm32f4xx_hal_gpio.o
 .rodata.HAL_I2C_Init.str1.1
                0x080034e8       0x38 Drivers\STM32F4xx_HAL_Driver\Src\stm32f4xx_hal_i2c.o
 .rodata.HAL_RCC_OscConfig.str1.1
                0x08003520       0x38 Drivers\STM32F4xx_HAL_Driver\Src\stm32f4xx_hal_rcc.o
 .rodata.TIM_OC3_SetConfig.str1.1
                0x08003558       0x38 Drivers\STM32F4xx_HAL_Driver\Src\stm32f4xx_hal_tim.o
 .rodata.TIM_CCxNChannelCmd.str1.1
                0x08003590       0x3b Drivers\STM32F4xx_HAL_Driver\Src\stm32f4xx_hal_tim_ex.o
 .rodata.UART_SetConfig.str1.1
                0x080035cb       0x39 Drivers\STM32F4xx_HAL_Driver\Src\stm32f4xx_hal_uart.o
 .rodata.vTaskStartScheduler.str1.1
                0x08003604        0x5 Middlewares\Third_Party\FreeRTOS\Source\tasks.o
                0x0800360c                . = ALIGN (0x4)
 *fill*         0x08003609        0x3 

.ARM.extab
 *(.ARM.extab* .gnu.linkonce.armextab.*)

.ARM            0x0800360c        0x8
                0x0800360c                __exidx_start = .
 *(.ARM.exidx*)
 .ARM.exidx     0x0800360c        0x8 c:/program files (x86)/atollic/truestudio for stm32 9.0.1/armtools/bin/../lib/gcc/arm-atollic-eabi/6.3.1/armv7e-m/fpu\libgcc.a(_udivmoddi4.o)
                0x08003614                __exidx_end = .

.rel.dyn        0x08003614        0x0
 .rel.iplt      0x08003614        0x0 c:/program files (x86)/atollic/truestudio for stm32 9.0.1/armtools/bin/../lib/gcc/arm-atollic-eabi/6.3.1/armv7e-m/fpu/crtbegin.o

.preinit_array  0x08003614        0x0
                0x08003614                PROVIDE (__preinit_array_start, .)
 *(.preinit_array*)
                0x08003614                PROVIDE (__preinit_array_end, .)

.init_array     0x08003614        0x4
                0x08003614                PROVIDE (__init_array_start, .)
 *(SORT(.init_array.*))
 *(.init_array*)
 .init_array    0x08003614        0x4 c:/program files (x86)/atollic/truestudio for stm32 9.0.1/armtools/bin/../lib/gcc/arm-atollic-eabi/6.3.1/armv7e-m/fpu/crtbegin.o
                0x08003618                PROVIDE (__init_array_end, .)

.fini_array     0x08003618        0x4
                [!provide]                PROVIDE (__fini_array_start, .)
 *(SORT(.fini_array.*))
 *(.fini_array*)
 .fini_array    0x08003618        0x4 c:/program files (x86)/atollic/truestudio for stm32 9.0.1/armtools/bin/../lib/gcc/arm-atollic-eabi/6.3.1/armv7e-m/fpu/crtbegin.o
                [!provide]                PROVIDE (__fini_array_end, .)
                0x0800361c                _sidata = LOADADDR (.data)

.data           0x20000000       0x10 load address 0x0800361c
                0x20000000                . = ALIGN (0x4)
                0x20000000                _sdata = .
 *(.data)
 *(.data*)
 .data.SystemCoreClock
                0x20000000        0x4 Core\Src\system_stm32f4xx.o
                0x20000000                SystemCoreClock
 .data.uwTickFreq
                0x20000004        0x1 Drivers\STM32F4xx_HAL_Driver\Src\stm32f4xx_hal.o
                0x20000004                uwTickFreq
 *fill*         0x20000005        0x3 
 .data.uwTickPrio
                0x20000008        0x4 Drivers\STM32F4xx_HAL_Driver\Src\stm32f4xx_hal.o
                0x20000008                uwTickPrio
 .data.uxCriticalNesting
                0x2000000c        0x4 Middlewares\Third_Party\FreeRTOS\Source\portable\GCC\ARM_CM4F\port.o
                0x20000010                . = ALIGN (0x4)
                0x20000010                _edata = .
                0x0800362c                _siccmram = LOADADDR (.ccmram)

.igot.plt       0x20000010        0x0 load address 0x0800362c
 .igot.plt      0x20000010        0x0 c:/program files (x86)/atollic/truestudio for stm32 9.0.1/armtools/bin/../lib/gcc/arm-atollic-eabi/6.3.1/armv7e-m/fpu/crtbegin.o

.ccmram         0x10000000        0x0 load address 0x0800362c
                0x10000000                . = ALIGN (0x4)
                0x10000000                _sccmram = .
 *(.ccmram)
 *(.ccmram*)
                0x10000000                . = ALIGN (0x4)
                0x10000000                _eccmram = .
                0x10000000                . = ALIGN (0x4)

.bss            0x20000010      0x864
                0x20000010                _sbss = .
                0x20000010                __bss_start__ = _sbss
 *(.bss)
 .bss           0x20000010       0x1c c:/program files (x86)/atollic/truestudio for stm32 9.0.1/armtools/bin/../lib/gcc/arm-atollic-eabi/6.3.1/armv7e-m/fpu/crtbegin.o
 *(.bss*)
 .bss.xIdleStack
                0x2000002c      0x200 Core\Src\freertos.o
 .bss.xIdleTaskTCBBuffer
                0x2000022c       0x54 Core\Src\freertos.o
 .bss.ucMaxSysCallPriority
                0x20000280        0x1 Middlewares\Third_Party\FreeRTOS\Source\portable\GCC\ARM_CM4F\port.o
 *fill*         0x20000281        0x3 
 .bss.ulMaxPRIGROUPValue
                0x20000284        0x4 Middlewares\Third_Party\FreeRTOS\Source\portable\GCC\ARM_CM4F\port.o
 .bss.pxCurrentTCB
                0x20000288        0x4 Middlewares\Third_Party\FreeRTOS\Source\tasks.o
                0x20000288                pxCurrentTCB
 .bss.pxDelayedTaskList
                0x2000028c        0x4 Middlewares\Third_Party\FreeRTOS\Source\tasks.o
 .bss.pxOverflowDelayedTaskList
                0x20000290        0x4 Middlewares\Third_Party\FreeRTOS\Source\tasks.o
 .bss.pxReadyTasksLists
                0x20000294       0x8c Middlewares\Third_Party\FreeRTOS\Source\tasks.o
 .bss.uxCurrentNumberOfTasks
                0x20000320        0x4 Middlewares\Third_Party\FreeRTOS\Source\tasks.o
 .bss.uxPendedTicks
                0x20000324        0x4 Middlewares\Third_Party\FreeRTOS\Source\tasks.o
 .bss.uxSchedulerSuspended
                0x20000328        0x4 Middlewares\Third_Party\FreeRTOS\Source\tasks.o
 .bss.uxTaskNumber
                0x2000032c        0x4 Middlewares\Third_Party\FreeRTOS\Source\tasks.o
 .bss.uxTopReadyPriority
                0x20000330        0x4 Middlewares\Third_Party\FreeRTOS\Source\tasks.o
 .bss.xDelayedTaskList1
                0x20000334       0x14 Middlewares\Third_Party\FreeRTOS\Source\tasks.o
 .bss.xDelayedTaskList2
                0x20000348       0x14 Middlewares\Third_Party\FreeRTOS\Source\tasks.o
 .bss.xNextTaskUnblockTime
                0x2000035c        0x4 Middlewares\Third_Party\FreeRTOS\Source\tasks.o
 .bss.xNumOfOverflows
                0x20000360        0x4 Middlewares\Third_Party\FreeRTOS\Source\tasks.o
 .bss.xPendingReadyList
                0x20000364       0x14 Middlewares\Third_Party\FreeRTOS\Source\tasks.o
 .bss.xSchedulerRunning
                0x20000378        0x4 Middlewares\Third_Party\FreeRTOS\Source\tasks.o
 .bss.xSuspendedTaskList
                0x2000037c       0x14 Middlewares\Third_Party\FreeRTOS\Source\tasks.o
 .bss.xTickCount
                0x20000390        0x4 Middlewares\Third_Party\FreeRTOS\Source\tasks.o
 .bss.xYieldPending
                0x20000394        0x4 Middlewares\Third_Party\FreeRTOS\Source\tasks.o
 *(COMMON)
 COMMON         0x20000398      0x258 Core\Src\freertos.o
                0x20000398                defaultTaskHandle
                0x2000039c                defaultTaskBuffer
                0x2000059c                defaultTaskControlBlock
 COMMON         0x200005f0       0x54 Core\Src\i2c.o
                0x200005f0                hi2c3
 COMMON         0x20000644      0x12c Core\Src\tim.o
                0x20000644                htim8
                0x20000680                htim4
                0x200006bc                htim3
                0x200006f8                htim1
                0x20000734                htim2
 COMMON         0x20000770      0x100 Core\Src\usart.o
                0x20000770                hdma_usart2_rx
                0x200007d0                hdma_usart2_tx
                0x20000830                huart2
 COMMON         0x20000870        0x4 Drivers\STM32F4xx_HAL_Driver\Src\stm32f4xx_hal.o
                0x20000870                uwTick
                0x20000874                . = ALIGN (0x4)
                0x20000874                _ebss = .
                0x20000874                __bss_end__ = _ebss

._user_heap_stack
                0x20000874      0x600
                0x20000874                . = ALIGN (0x4)
                [!provide]                PROVIDE (end, .)
                [!provide]                PROVIDE (_end, .)
                0x20000a74                . = (. + _Min_Heap_Size)
 *fill*         0x20000874      0x200 
                0x20000e74                . = (. + _Min_Stack_Size)
 *fill*         0x20000a74      0x400 
                0x20000e74                . = ALIGN (0x4)

/DISCARD/
 libc.a(*)
 libm.a(*)
 libgcc.a(*)

.ARM.attributes
                0x00000000       0x30
 *(.ARM.attributes)
 .ARM.attributes
                0x00000000       0x22 c:/program files (x86)/atollic/truestudio for stm32 9.0.1/armtools/bin/../lib/gcc/arm-atollic-eabi/6.3.1/armv7e-m/fpu/crti.o
 .ARM.attributes
                0x00000022       0x34 c:/program files (x86)/atollic/truestudio for stm32 9.0.1/armtools/bin/../lib/gcc/arm-atollic-eabi/6.3.1/armv7e-m/fpu/crtbegin.o
 .ARM.attributes
                0x00000056       0x39 Core\Src\dma.o
 .ARM.attributes
                0x0000008f       0x39 Core\Src\freertos.o
 .ARM.attributes
                0x000000c8       0x39 Core\Src\gpio.o
 .ARM.attributes
                0x00000101       0x39 Core\Src\i2c.o
 .ARM.attributes
                0x0000013a       0x39 Core\Src\main.o
 .ARM.attributes
                0x00000173       0x39 Core\Src\stm32f4xx_hal_msp.o
 .ARM.attributes
                0x000001ac       0x39 Core\Src\stm32f4xx_it.o
 .ARM.attributes
                0x000001e5       0x39 Core\Src\system_stm32f4xx.o
 .ARM.attributes
                0x0000021e       0x39 Core\Src\tim.o
 .ARM.attributes
                0x00000257       0x39 Core\Src\usart.o
 .ARM.attributes
                0x00000290       0x39 Drivers\STM32F4xx_HAL_Driver\Src\stm32f4xx_hal.o
 .ARM.attributes
                0x000002c9       0x39 Drivers\STM32F4xx_HAL_Driver\Src\stm32f4xx_hal_cortex.o
 .ARM.attributes
                0x00000302       0x39 Drivers\STM32F4xx_HAL_Driver\Src\stm32f4xx_hal_dma.o
 .ARM.attributes
                0x0000033b       0x39 Drivers\STM32F4xx_HAL_Driver\Src\stm32f4xx_hal_gpio.o
 .ARM.attributes
                0x00000374       0x39 Drivers\STM32F4xx_HAL_Driver\Src\stm32f4xx_hal_i2c.o
 .ARM.attributes
                0x000003ad       0x39 Drivers\STM32F4xx_HAL_Driver\Src\stm32f4xx_hal_rcc.o
 .ARM.attributes
                0x000003e6       0x39 Drivers\STM32F4xx_HAL_Driver\Src\stm32f4xx_hal_tim.o
 .ARM.attributes
                0x0000041f       0x39 Drivers\STM32F4xx_HAL_Driver\Src\stm32f4xx_hal_tim_ex.o
 .ARM.attributes
                0x00000458       0x39 Drivers\STM32F4xx_HAL_Driver\Src\stm32f4xx_hal_uart.o
 .ARM.attributes
                0x00000491       0x39 Middlewares\Third_Party\FreeRTOS\Source\CMSIS_RTOS\cmsis_os.o
 .ARM.attributes
                0x000004ca       0x39 Middlewares\Third_Party\FreeRTOS\Source\list.o
 .ARM.attributes
                0x00000503       0x39 Middlewares\Third_Party\FreeRTOS\Source\portable\GCC\ARM_CM4F\port.o
 .ARM.attributes
                0x0000053c       0x39 Middlewares\Third_Party\FreeRTOS\Source\tasks.o
 .ARM.attributes
                0x00000575       0x21 startup\startup_stm32f407xx.o
 .ARM.attributes
                0x00000596       0x34 c:/program files (x86)/atollic/truestudio for stm32 9.0.1/armtools/bin/../lib/gcc/arm-atollic-eabi/6.3.1/../../../../arm-atollic-eabi/lib/armv7e-m/fpu\libc_nano.a(lib_a-init.o)
 .ARM.attributes
                0x000005ca       0x22 c:/program files (x86)/atollic/truestudio for stm32 9.0.1/armtools/bin/../lib/gcc/arm-atollic-eabi/6.3.1/armv7e-m/fpu\libgcc.a(_aeabi_uldivmod.o)
 .ARM.attributes
                0x000005ec       0x34 c:/program files (x86)/atollic/truestudio for stm32 9.0.1/armtools/bin/../lib/gcc/arm-atollic-eabi/6.3.1/armv7e-m/fpu\libgcc.a(_udivmoddi4.o)
 .ARM.attributes
                0x00000620       0x22 c:/program files (x86)/atollic/truestudio for stm32 9.0.1/armtools/bin/../lib/gcc/arm-atollic-eabi/6.3.1/armv7e-m/fpu\libgcc.a(_dvmd_tls.o)
 .ARM.attributes
                0x00000642       0x22 c:/program files (x86)/atollic/truestudio for stm32 9.0.1/armtools/bin/../lib/gcc/arm-atollic-eabi/6.3.1/armv7e-m/fpu/crtn.o
OUTPUT(STM324_FreeRTOS.elf elf32-littlearm)

.debug_info     0x00000000    0x2399c
 .debug_info    0x00000000      0xda6 Core\Src\dma.o
 .debug_info    0x00000da6      0xcc0 Core\Src\freertos.o
 .debug_info    0x00001a66      0xb79 Core\Src\gpio.o
 .debug_info    0x000025df     0x125b Core\Src\i2c.o
 .debug_info    0x0000383a     0x1a97 Core\Src\main.o
 .debug_info    0x000052d1      0xc61 Core\Src\stm32f4xx_hal_msp.o
 .debug_info    0x00005f32      0xc7e Core\Src\stm32f4xx_it.o
 .debug_info    0x00006bb0      0xd1c Core\Src\system_stm32f4xx.o
 .debug_info    0x000078cc     0x1890 Core\Src\tim.o
 .debug_info    0x0000915c     0x122e Core\Src\usart.o
 .debug_info    0x0000a38a     0x1216 Drivers\STM32F4xx_HAL_Driver\Src\stm32f4xx_hal.o
 .debug_info    0x0000b5a0     0x19dd Drivers\STM32F4xx_HAL_Driver\Src\stm32f4xx_hal_cortex.o
 .debug_info    0x0000cf7d     0x1441 Drivers\STM32F4xx_HAL_Driver\Src\stm32f4xx_hal_dma.o
 .debug_info    0x0000e3be     0x10e7 Drivers\STM32F4xx_HAL_Driver\Src\stm32f4xx_hal_gpio.o
 .debug_info    0x0000f4a5     0x39f4 Drivers\STM32F4xx_HAL_Driver\Src\stm32f4xx_hal_i2c.o
 .debug_info    0x00012e99     0x1503 Drivers\STM32F4xx_HAL_Driver\Src\stm32f4xx_hal_rcc.o
 .debug_info    0x0001439c     0x4b80 Drivers\STM32F4xx_HAL_Driver\Src\stm32f4xx_hal_tim.o
 .debug_info    0x00018f1c     0x20e7 Drivers\STM32F4xx_HAL_Driver\Src\stm32f4xx_hal_tim_ex.o
 .debug_info    0x0001b003     0x216c Drivers\STM32F4xx_HAL_Driver\Src\stm32f4xx_hal_uart.o
 .debug_info    0x0001d16f     0x265d Middlewares\Third_Party\FreeRTOS\Source\CMSIS_RTOS\cmsis_os.o
 .debug_info    0x0001f7cc      0xb42 Middlewares\Third_Party\FreeRTOS\Source\list.o
 .debug_info    0x0002030e      0xda1 Middlewares\Third_Party\FreeRTOS\Source\portable\GCC\ARM_CM4F\port.o
 .debug_info    0x000210af     0x2878 Middlewares\Third_Party\FreeRTOS\Source\tasks.o
 .debug_info    0x00023927       0x75 startup\startup_stm32f407xx.o

.debug_abbrev   0x00000000     0x40cc
 .debug_abbrev  0x00000000      0x1f5 Core\Src\dma.o
 .debug_abbrev  0x000001f5      0x206 Core\Src\freertos.o
 .debug_abbrev  0x000003fb      0x1a8 Core\Src\gpio.o
 .debug_abbrev  0x000005a3      0x229 Core\Src\i2c.o
 .debug_abbrev  0x000007cc      0x288 Core\Src\main.o
 .debug_abbrev  0x00000a54      0x1d3 Core\Src\stm32f4xx_hal_msp.o
 .debug_abbrev  0x00000c27      0x222 Core\Src\stm32f4xx_it.o
 .debug_abbrev  0x00000e49      0x1ca Core\Src\system_stm32f4xx.o
 .debug_abbrev  0x00001013      0x2e9 Core\Src\tim.o
 .debug_abbrev  0x000012fc      0x251 Core\Src\usart.o
 .debug_abbrev  0x0000154d      0x308 Drivers\STM32F4xx_HAL_Driver\Src\stm32f4xx_hal.o
 .debug_abbrev  0x00001855      0x3bb Drivers\STM32F4xx_HAL_Driver\Src\stm32f4xx_hal_cortex.o
 .debug_abbrev  0x00001c10      0x35d Drivers\STM32F4xx_HAL_Driver\Src\stm32f4xx_hal_dma.o
 .debug_abbrev  0x00001f6d      0x2ae Drivers\STM32F4xx_HAL_Driver\Src\stm32f4xx_hal_gpio.o
 .debug_abbrev  0x0000221b      0x3b4 Drivers\STM32F4xx_HAL_Driver\Src\stm32f4xx_hal_i2c.o
 .debug_abbrev  0x000025cf      0x364 Drivers\STM32F4xx_HAL_Driver\Src\stm32f4xx_hal_rcc.o
 .debug_abbrev  0x00002933      0x390 Drivers\STM32F4xx_HAL_Driver\Src\stm32f4xx_hal_tim.o
 .debug_abbrev  0x00002cc3      0x2de Drivers\STM32F4xx_HAL_Driver\Src\stm32f4xx_hal_tim_ex.o
 .debug_abbrev  0x00002fa1      0x397 Drivers\STM32F4xx_HAL_Driver\Src\stm32f4xx_hal_uart.o
 .debug_abbrev  0x00003338      0x466 Middlewares\Third_Party\FreeRTOS\Source\CMSIS_RTOS\cmsis_os.o
 .debug_abbrev  0x0000379e      0x1ea Middlewares\Third_Party\FreeRTOS\Source\list.o
 .debug_abbrev  0x00003988      0x2fb Middlewares\Third_Party\FreeRTOS\Source\portable\GCC\ARM_CM4F\port.o
 .debug_abbrev  0x00003c83      0x437 Middlewares\Third_Party\FreeRTOS\Source\tasks.o
 .debug_abbrev  0x000040ba       0x12 startup\startup_stm32f407xx.o

.debug_aranges  0x00000000      0xf68
 .debug_aranges
                0x00000000       0x20 Core\Src\dma.o
 .debug_aranges
                0x00000020       0x30 Core\Src\freertos.o
 .debug_aranges
                0x00000050       0x20 Core\Src\gpio.o
 .debug_aranges
                0x00000070       0x30 Core\Src\i2c.o
 .debug_aranges
                0x000000a0       0x38 Core\Src\main.o
 .debug_aranges
                0x000000d8       0x20 Core\Src\stm32f4xx_hal_msp.o
 .debug_aranges
                0x000000f8       0x58 Core\Src\stm32f4xx_it.o
 .debug_aranges
                0x00000150       0x28 Core\Src\system_stm32f4xx.o
 .debug_aranges
                0x00000178       0x68 Core\Src\tim.o
 .debug_aranges
                0x000001e0       0x30 Core\Src\usart.o
 .debug_aranges
                0x00000210       0xd8 Drivers\STM32F4xx_HAL_Driver\Src\stm32f4xx_hal.o
 .debug_aranges
                0x000002e8       0xa8 Drivers\STM32F4xx_HAL_Driver\Src\stm32f4xx_hal_cortex.o
 .debug_aranges
                0x00000390       0x80 Drivers\STM32F4xx_HAL_Driver\Src\stm32f4xx_hal_dma.o
 .debug_aranges
                0x00000410       0x58 Drivers\STM32F4xx_HAL_Driver\Src\stm32f4xx_hal_gpio.o
 .debug_aranges
                0x00000468      0x190 Drivers\STM32F4xx_HAL_Driver\Src\stm32f4xx_hal_i2c.o
 .debug_aranges
                0x000005f8       0x88 Drivers\STM32F4xx_HAL_Driver\Src\stm32f4xx_hal_rcc.o
 .debug_aranges
                0x00000680      0x280 Drivers\STM32F4xx_HAL_Driver\Src\stm32f4xx_hal_tim.o
 .debug_aranges
                0x00000900      0x128 Drivers\STM32F4xx_HAL_Driver\Src\stm32f4xx_hal_tim_ex.o
 .debug_aranges
                0x00000a28      0x170 Drivers\STM32F4xx_HAL_Driver\Src\stm32f4xx_hal_uart.o
 .debug_aranges
                0x00000b98      0x190 Middlewares\Third_Party\FreeRTOS\Source\CMSIS_RTOS\cmsis_os.o
 .debug_aranges
                0x00000d28       0x40 Middlewares\Third_Party\FreeRTOS\Source\list.o
 .debug_aranges
                0x00000d68       0x80 Middlewares\Third_Party\FreeRTOS\Source\portable\GCC\ARM_CM4F\port.o
 .debug_aranges
                0x00000de8      0x158 Middlewares\Third_Party\FreeRTOS\Source\tasks.o
 .debug_aranges
                0x00000f40       0x28 startup\startup_stm32f407xx.o

.debug_ranges   0x00000000     0x1388
 .debug_ranges  0x00000000       0x30 Core\Src\dma.o
 .debug_ranges  0x00000030       0x20 Core\Src\freertos.o
 .debug_ranges  0x00000050       0x10 Core\Src\gpio.o
 .debug_ranges  0x00000060       0x20 Core\Src\i2c.o
 .debug_ranges  0x00000080       0x28 Core\Src\main.o
 .debug_ranges  0x000000a8       0x10 Core\Src\stm32f4xx_hal_msp.o
 .debug_ranges  0x000000b8       0x48 Core\Src\stm32f4xx_it.o
 .debug_ranges  0x00000100       0x18 Core\Src\system_stm32f4xx.o
 .debug_ranges  0x00000118       0xc8 Core\Src\tim.o
 .debug_ranges  0x000001e0       0x38 Core\Src\usart.o
 .debug_ranges  0x00000218       0xc8 Drivers\STM32F4xx_HAL_Driver\Src\stm32f4xx_hal.o
 .debug_ranges  0x000002e0       0xe0 Drivers\STM32F4xx_HAL_Driver\Src\stm32f4xx_hal_cortex.o
 .debug_ranges  0x000003c0       0xb0 Drivers\STM32F4xx_HAL_Driver\Src\stm32f4xx_hal_dma.o
 .debug_ranges  0x00000470       0x60 Drivers\STM32F4xx_HAL_Driver\Src\stm32f4xx_hal_gpio.o
 .debug_ranges  0x000004d0      0x358 Drivers\STM32F4xx_HAL_Driver\Src\stm32f4xx_hal_i2c.o
 .debug_ranges  0x00000828       0xb8 Drivers\STM32F4xx_HAL_Driver\Src\stm32f4xx_hal_rcc.o
 .debug_ranges  0x000008e0      0x398 Drivers\STM32F4xx_HAL_Driver\Src\stm32f4xx_hal_tim.o
 .debug_ranges  0x00000c78      0x118 Drivers\STM32F4xx_HAL_Driver\Src\stm32f4xx_hal_tim_ex.o
 .debug_ranges  0x00000d90      0x178 Drivers\STM32F4xx_HAL_Driver\Src\stm32f4xx_hal_uart.o
 .debug_ranges  0x00000f08      0x198 Middlewares\Third_Party\FreeRTOS\Source\CMSIS_RTOS\cmsis_os.o
 .debug_ranges  0x000010a0       0x30 Middlewares\Third_Party\FreeRTOS\Source\list.o
 .debug_ranges  0x000010d0       0x88 Middlewares\Third_Party\FreeRTOS\Source\portable\GCC\ARM_CM4F\port.o
 .debug_ranges  0x00001158      0x210 Middlewares\Third_Party\FreeRTOS\Source\tasks.o
 .debug_ranges  0x00001368       0x20 startup\startup_stm32f407xx.o

.debug_line     0x00000000     0xb984
 .debug_line    0x00000000      0x281 Core\Src\dma.o
 .debug_line    0x00000281      0x341 Core\Src\freertos.o
 .debug_line    0x000005c2      0x240 Core\Src\gpio.o
 .debug_line    0x00000802      0x326 Core\Src\i2c.o
 .debug_line    0x00000b28      0x40f Core\Src\main.o
 .debug_line    0x00000f37      0x28e Core\Src\stm32f4xx_hal_msp.o
 .debug_line    0x000011c5      0x361 Core\Src\stm32f4xx_it.o
 .debug_line    0x00001526      0x27a Core\Src\system_stm32f4xx.o
 .debug_line    0x000017a0      0x4a6 Core\Src\tim.o
 .debug_line    0x00001c46      0x350 Core\Src\usart.o
 .debug_line    0x00001f96      0x4cb Drivers\STM32F4xx_HAL_Driver\Src\stm32f4xx_hal.o
 .debug_line    0x00002461      0x5a5 Drivers\STM32F4xx_HAL_Driver\Src\stm32f4xx_hal_cortex.o
 .debug_line    0x00002a06      0x74f Drivers\STM32F4xx_HAL_Driver\Src\stm32f4xx_hal_dma.o
 .debug_line    0x00003155      0x58a Drivers\STM32F4xx_HAL_Driver\Src\stm32f4xx_hal_gpio.o
 .debug_line    0x000036df     0x198c Drivers\STM32F4xx_HAL_Driver\Src\stm32f4xx_hal_i2c.o
 .debug_line    0x0000506b      0x698 Drivers\STM32F4xx_HAL_Driver\Src\stm32f4xx_hal_rcc.o
 .debug_line    0x00005703     0x2c3a Drivers\STM32F4xx_HAL_Driver\Src\stm32f4xx_hal_tim.o
 .debug_line    0x0000833d      0xc70 Drivers\STM32F4xx_HAL_Driver\Src\stm32f4xx_hal_tim_ex.o
 .debug_line    0x00008fad      0xdd4 Drivers\STM32F4xx_HAL_Driver\Src\stm32f4xx_hal_uart.o
 .debug_line    0x00009d81      0x8a2 Middlewares\Third_Party\FreeRTOS\Source\CMSIS_RTOS\cmsis_os.o
 .debug_line    0x0000a623      0x3b7 Middlewares\Third_Party\FreeRTOS\Source\list.o
 .debug_line    0x0000a9da      0x42f Middlewares\Third_Party\FreeRTOS\Source\portable\GCC\ARM_CM4F\port.o
 .debug_line    0x0000ae09      0xafc Middlewares\Third_Party\FreeRTOS\Source\tasks.o
 .debug_line    0x0000b905       0x7f startup\startup_stm32f407xx.o

.debug_str      0x00000000     0x5d1f
 .debug_str     0x00000000      0xbca Core\Src\dma.o
                                0xc59 (size before relaxing)
 .debug_str     0x00000bca      0x2ec Core\Src\freertos.o
                                0x945 (size before relaxing)
 .debug_str     0x00000eb6       0x20 Core\Src\gpio.o
                                0x745 (size before relaxing)
 .debug_str     0x00000ed6      0x582 Core\Src\i2c.o
                                0xd1d (size before relaxing)
 .debug_str     0x00001458      0x596 Core\Src\main.o
                               0x171e (size before relaxing)
 .debug_str     0x000019ee       0x49 Core\Src\stm32f4xx_hal_msp.o
                                0xb6e (size before relaxing)
 .debug_str     0x00001a37      0x10e Core\Src\stm32f4xx_it.o
                                0x97c (size before relaxing)
 .debug_str     0x00001b45       0xaf Core\Src\system_stm32f4xx.o
                                0x7cd (size before relaxing)
 .debug_str     0x00001bf4      0x24d Core\Src\tim.o
                                0xead (size before relaxing)
 .debug_str     0x00001e41       0x6d Core\Src\usart.o
                                0xc81 (size before relaxing)
 .debug_str     0x00001eae      0x308 Drivers\STM32F4xx_HAL_Driver\Src\stm32f4xx_hal.o
                                0xfc5 (size before relaxing)
 .debug_str     0x000021b6      0x337 Drivers\STM32F4xx_HAL_Driver\Src\stm32f4xx_hal_cortex.o
                               0x10b0 (size before relaxing)
 .debug_str     0x000024ed      0x2df Drivers\STM32F4xx_HAL_Driver\Src\stm32f4xx_hal_dma.o
                                0xbf8 (size before relaxing)
 .debug_str     0x000027cc      0x156 Drivers\STM32F4xx_HAL_Driver\Src\stm32f4xx_hal_gpio.o
                                0x972 (size before relaxing)
 .debug_str     0x00002922      0x7c6 Drivers\STM32F4xx_HAL_Driver\Src\stm32f4xx_hal_i2c.o
                               0x13b8 (size before relaxing)
 .debug_str     0x000030e8      0x154 Drivers\STM32F4xx_HAL_Driver\Src\stm32f4xx_hal_rcc.o
                                0xb45 (size before relaxing)
 .debug_str     0x0000323c      0xbbc Drivers\STM32F4xx_HAL_Driver\Src\stm32f4xx_hal_tim.o
                               0x1837 (size before relaxing)
 .debug_str     0x00003df8      0x49d Drivers\STM32F4xx_HAL_Driver\Src\stm32f4xx_hal_tim_ex.o
                               0x10f7 (size before relaxing)
 .debug_str     0x00004295      0x4fa Drivers\STM32F4xx_HAL_Driver\Src\stm32f4xx_hal_uart.o
                               0x1074 (size before relaxing)
 .debug_str     0x0000478f      0xa87 Middlewares\Third_Party\FreeRTOS\Source\CMSIS_RTOS\cmsis_os.o
                               0x13a0 (size before relaxing)
 .debug_str     0x00005216      0x143 Middlewares\Third_Party\FreeRTOS\Source\list.o
                                0x79d (size before relaxing)
 .debug_str     0x00005359      0x212 Middlewares\Third_Party\FreeRTOS\Source\portable\GCC\ARM_CM4F\port.o
                                0x8d6 (size before relaxing)
 .debug_str     0x0000556b      0x7b4 Middlewares\Third_Party\FreeRTOS\Source\tasks.o
                               0x12a5 (size before relaxing)

.comment        0x00000000       0x7c
 .comment       0x00000000       0x7c Core\Src\dma.o
                                 0x7d (size before relaxing)
 .comment       0x0000007c       0x7d Core\Src\freertos.o
 .comment       0x0000007c       0x7d Core\Src\gpio.o
 .comment       0x0000007c       0x7d Core\Src\i2c.o
 .comment       0x0000007c       0x7d Core\Src\main.o
 .comment       0x0000007c       0x7d Core\Src\stm32f4xx_hal_msp.o
 .comment       0x0000007c       0x7d Core\Src\stm32f4xx_it.o
 .comment       0x0000007c       0x7d Core\Src\system_stm32f4xx.o
 .comment       0x0000007c       0x7d Core\Src\tim.o
 .comment       0x0000007c       0x7d Core\Src\usart.o
 .comment       0x0000007c       0x7d Drivers\STM32F4xx_HAL_Driver\Src\stm32f4xx_hal.o
 .comment       0x0000007c       0x7d Drivers\STM32F4xx_HAL_Driver\Src\stm32f4xx_hal_cortex.o
 .comment       0x0000007c       0x7d Drivers\STM32F4xx_HAL_Driver\Src\stm32f4xx_hal_dma.o
 .comment       0x0000007c       0x7d Drivers\STM32F4xx_HAL_Driver\Src\stm32f4xx_hal_gpio.o
 .comment       0x0000007c       0x7d Drivers\STM32F4xx_HAL_Driver\Src\stm32f4xx_hal_i2c.o
 .comment       0x0000007c       0x7d Drivers\STM32F4xx_HAL_Driver\Src\stm32f4xx_hal_rcc.o
 .comment       0x0000007c       0x7d Drivers\STM32F4xx_HAL_Driver\Src\stm32f4xx_hal_tim.o
 .comment       0x0000007c       0x7d Drivers\STM32F4xx_HAL_Driver\Src\stm32f4xx_hal_tim_ex.o
 .comment       0x0000007c       0x7d Drivers\STM32F4xx_HAL_Driver\Src\stm32f4xx_hal_uart.o
 .comment       0x0000007c       0x7d Middlewares\Third_Party\FreeRTOS\Source\CMSIS_RTOS\cmsis_os.o
 .comment       0x0000007c       0x7d Middlewares\Third_Party\FreeRTOS\Source\list.o
 .comment       0x0000007c       0x7d Middlewares\Third_Party\FreeRTOS\Source\portable\GCC\ARM_CM4F\port.o
 .comment       0x0000007c       0x7d Middlewares\Third_Party\FreeRTOS\Source\tasks.o

.debug_frame    0x00000000     0x2ef8
 .debug_frame   0x00000000       0x2c Core\Src\dma.o
 .debug_frame   0x0000002c       0x58 Core\Src\freertos.o
 .debug_frame   0x00000084       0x28 Core\Src\gpio.o
 .debug_frame   0x000000ac       0x74 Core\Src\i2c.o
 .debug_frame   0x00000120       0x6c Core\Src\main.o
 .debug_frame   0x0000018c       0x2c Core\Src\stm32f4xx_hal_msp.o
 .debug_frame   0x000001b8       0xac Core\Src\stm32f4xx_it.o
 .debug_frame   0x00000264       0x38 Core\Src\system_stm32f4xx.o
 .debug_frame   0x0000029c      0x120 Core\Src\tim.o
 .debug_frame   0x000003bc       0x74 Core\Src\usart.o
 .debug_frame   0x00000430      0x1d0 Drivers\STM32F4xx_HAL_Driver\Src\stm32f4xx_hal.o
 .debug_frame   0x00000600      0x1a0 Drivers\STM32F4xx_HAL_Driver\Src\stm32f4xx_hal_cortex.o
 .debug_frame   0x000007a0      0x158 Drivers\STM32F4xx_HAL_Driver\Src\stm32f4xx_hal_dma.o
 .debug_frame   0x000008f8      0x100 Drivers\STM32F4xx_HAL_Driver\Src\stm32f4xx_hal_gpio.o
 .debug_frame   0x000009f8      0x69c Drivers\STM32F4xx_HAL_Driver\Src\stm32f4xx_hal_i2c.o
 .debug_frame   0x00001094      0x144 Drivers\STM32F4xx_HAL_Driver\Src\stm32f4xx_hal_rcc.o
 .debug_frame   0x000011d8      0x9a8 Drivers\STM32F4xx_HAL_Driver\Src\stm32f4xx_hal_tim.o
 .debug_frame   0x00001b80      0x3ec Drivers\STM32F4xx_HAL_Driver\Src\stm32f4xx_hal_tim_ex.o
 .debug_frame   0x00001f6c      0x4b8 Drivers\STM32F4xx_HAL_Driver\Src\stm32f4xx_hal_uart.o
 .debug_frame   0x00002424      0x4b0 Middlewares\Third_Party\FreeRTOS\Source\CMSIS_RTOS\cmsis_os.o
 .debug_frame   0x000028d4       0x6c Middlewares\Third_Party\FreeRTOS\Source\list.o
 .debug_frame   0x00002940       0xf0 Middlewares\Third_Party\FreeRTOS\Source\portable\GCC\ARM_CM4F\port.o
 .debug_frame   0x00002a30      0x43c Middlewares\Third_Party\FreeRTOS\Source\tasks.o
 .debug_frame   0x00002e6c       0x2c c:/program files (x86)/atollic/truestudio for stm32 9.0.1/armtools/bin/../lib/gcc/arm-atollic-eabi/6.3.1/../../../../arm-atollic-eabi/lib/armv7e-m/fpu\libc_nano.a(lib_a-init.o)
 .debug_frame   0x00002e98       0x2c c:/program files (x86)/atollic/truestudio for stm32 9.0.1/armtools/bin/../lib/gcc/arm-atollic-eabi/6.3.1/armv7e-m/fpu\libgcc.a(_aeabi_uldivmod.o)
 .debug_frame   0x00002ec4       0x34 c:/program files (x86)/atollic/truestudio for stm32 9.0.1/armtools/bin/../lib/gcc/arm-atollic-eabi/6.3.1/armv7e-m/fpu\libgcc.a(_udivmoddi4.o)

.debug_loc      0x00000000     0xb4cf
 .debug_loc     0x00000000       0x21 Core\Src\freertos.o
 .debug_loc     0x00000021       0x4d Core\Src\i2c.o
 .debug_loc     0x0000006e      0x11c Core\Src\system_stm32f4xx.o
 .debug_loc     0x0000018a       0xf3 Core\Src\tim.o
 .debug_loc     0x0000027d       0x63 Core\Src\usart.o
 .debug_loc     0x000002e0       0xf3 Drivers\STM32F4xx_HAL_Driver\Src\stm32f4xx_hal.o
 .debug_loc     0x000003d3      0x560 Drivers\STM32F4xx_HAL_Driver\Src\stm32f4xx_hal_cortex.o
 .debug_loc     0x00000933      0x770 Drivers\STM32F4xx_HAL_Driver\Src\stm32f4xx_hal_dma.o
 .debug_loc     0x000010a3      0x4c1 Drivers\STM32F4xx_HAL_Driver\Src\stm32f4xx_hal_gpio.o
 .debug_loc     0x00001564     0x297d Drivers\STM32F4xx_HAL_Driver\Src\stm32f4xx_hal_i2c.o
 .debug_loc     0x00003ee1      0x284 Drivers\STM32F4xx_HAL_Driver\Src\stm32f4xx_hal_rcc.o
 .debug_loc     0x00004165     0x3370 Drivers\STM32F4xx_HAL_Driver\Src\stm32f4xx_hal_tim.o
 .debug_loc     0x000074d5      0xbfe Drivers\STM32F4xx_HAL_Driver\Src\stm32f4xx_hal_tim_ex.o
 .debug_loc     0x000080d3     0x1364 Drivers\STM32F4xx_HAL_Driver\Src\stm32f4xx_hal_uart.o
 .debug_loc     0x00009437      0xec9 Middlewares\Third_Party\FreeRTOS\Source\CMSIS_RTOS\cmsis_os.o
 .debug_loc     0x0000a300       0x94 Middlewares\Third_Party\FreeRTOS\Source\list.o
 .debug_loc     0x0000a394       0xcf Middlewares\Third_Party\FreeRTOS\Source\portable\GCC\ARM_CM4F\port.o
 .debug_loc     0x0000a463     0x106c Middlewares\Third_Party\FreeRTOS\Source\tasks.o
