stm32f4xx_ll_bus.h:1203:22:LL_APB1_GRP1_EnableClock	8	static
stm32f4xx_ll_tim.h:2412:22:LL_TIM_IC_SetPolarity.constprop	0	static
stm32f4xx_ll_tim.h:2346:22:LL_TIM_IC_SetFilter.constprop	0	static
stm32f4xx_ll_tim.h:2283:22:LL_TIM_IC_SetPrescaler.constprop	0	static
stm32f4xx_ll_tim.h:2233:22:LL_TIM_IC_SetActiveInput.constprop	12	static
tim.c:60:6:MX_TIM1_Init	64	static
tim.c:111:6:MX_TIM2_Init	64	static
tim.c:161:6:MX_TIM3_Init	56	static
tim.c:211:6:MX_TIM4_Init	96	static
tim.c:282:6:MX_TIM8_Init	56	static
